---
source: tests/json_output.rs
assertion_line: 163
expression: "cli.json(&[\"info\", \"--json\"])"
---
{
  "version": "[version]",
  "backend": "https://api.anesis.tech",
  "logged_in": false,
  "account": null,
  "paths": {
    "home": "[home]",
    "templates_cache": "[templates_cache]",
    "addons_cache": "[addons_cache]",
    "auth": "[auth]"
  },
  "installed": {
    "templates": 0,
    "addons": 0
  }
}
