---
source: tests/json_output.rs
expression: "cli.json(&[\"info\", \"--json\"])"
---
{
  "account": null,
  "backend": "https://api.anesis.tech",
  "installed": {
    "addons": 0,
    "templates": 0
  },
  "logged_in": false,
  "paths": {
    "addons_cache": "[addons_cache]",
    "auth": "[auth]",
    "home": "[home]",
    "templates_cache": "[templates_cache]"
  },
  "version": "[version]"
}
