---
source: tests/json_output.rs
assertion_line: 214
expression: "cli.json(&[\"addon\", \"list\", \"--json\"])"
---
[
  {
    "id": "docker-compose",
    "name": "Docker Compose",
    "version": "0.4.1",
    "path": "docker-compose",
    "commit_sha": "89abcdef0123456789abcdef0123456789abcdef",
    "repo_url": "https://github.com/anesis-dev/addons"
  }
]
