---
source: tests/json_output.rs
assertion_line: 286
expression: "cli.json(&[\"status\", \"--json\"])"
---
{
  "template": {
    "name": "nest-express",
    "sha": "89abcdef0123456789abcdef0123456789abcdef"
  },
  "addons": [
    {
      "id": "nest-prisma-v7",
      "version": "1.2.0",
      "variant": "nest",
      "commands_executed": [
        "install",
        "generate"
      ]
    },
    {
      "id": "docker-compose",
      "version": "0.4.1",
      "variant": "universal",
      "commands_executed": [
        "install"
      ]
    }
  ]
}
